ERROR:2026-06-12 16:22:28,994:jax._src.xla_bridge:477: Jax plugin configuration error: Exception when calling jax_plugins.xla_cuda12.initialize()
Traceback (most recent call last):
  File "/global/common/software/m3166/carag/envs/actdr6/lib/python3.11/site-packages/jax/_src/xla_bridge.py", line 475, in discover_pjrt_plugins
    plugin_module.initialize()
  File "/global/common/software/m3166/carag/envs/actdr6/lib/python3.11/site-packages/jax_plugins/xla_cuda12/__init__.py", line 328, in initialize
    _check_cuda_versions(raise_on_first_error=True)
  File "/global/common/software/m3166/carag/envs/actdr6/lib/python3.11/site-packages/jax_plugins/xla_cuda12/__init__.py", line 285, in _check_cuda_versions
    local_device_count = cuda_versions.cuda_device_count()
                         ^^^^^^^^^^^^^^^^^^^^^^^^^^^^^^^^^
RuntimeError: jaxlib/cuda/versions_helpers.cc:113: operation cuInit(0) failed: CUDA_ERROR_NO_DEVICE
1. Geometry helpers vs mpmath (dps=60):
  [PASS] _curv_f abs err: 4.441e-16 (tol 5e-15)
  [PASS] _curv_g abs err: 1.998e-15 (tol 5e-15)
  [PASS] _curv_g_diff rel err (cancellation regime): 2.418e-13 (tol 1e-12)
2. Recurrence vs scipy spherical_jn at K=0:
  [FAIL] flat recurrence vs scipy, rel-to-peak err (masked region): 6.555e-08 (tol 1e-10)
3. Recurrence vs mpmath (open and closed):
  [FAIL] open Ok=+0.05 rel-to-peak err (masked region): 3.241e-08 (tol 1e-09)
  [FAIL] closed Ok=-0.05 rel-to-peak err (masked region): 1.114e-07 (tol 1e-09)
4. dPhi/d2Phi formulas vs mpmath derivatives:
  [PASS] dPhi rel err: 2.575e-15 (tol 1e-08)
  [PASS] d2Phi rel err: 3.223e-14 (tol 1e-06)

FAILED: ['flat recurrence vs scipy, rel-to-peak err (masked region)', 'open Ok=+0.05 rel-to-peak err (masked region)', 'closed Ok=-0.05 rel-to-peak err (masked region)']
